// Jest Snapshot v1, https://goo.gl/fbAQLP

exports[`Logo should renders default 1`] = `
<styled.h1
  fontSize={32}
>
  Lapakpedia
</styled.h1>
`;
